[
  {
    "objectID": "article-no-teaser#text",
    "page_id": "article-no-teaser",
    "content": "GLOSSAIRE",
    "importance": 1,
    "blueprint": "article",
    "title": "L'eau et la sant\u00e9 : glossaire",
    "datetime": 315446400
  }
]