[
  {
    "objectID": "article-headless#teaser",
    "page_id": "article-headless",
    "content": "Il n'existe pas actuellement de traitement efficace connu contre le SARS-CoV-2.",
    "importance": 0,
    "blueprint": "article",
    "title": "Quelle lutte contre la Covid-19 ?",
    "datetime": 1595146800,
    "author": "Jean-Loup Rey, m\u00e9decin, sant\u00e9 publique"
  },
  {
    "objectID": "article-headless#text",
    "page_id": "article-headless",
    "content": "Paragraph with no heading.",
    "importance": 1,
    "blueprint": "article",
    "title": "Quelle lutte contre la Covid-19 ?",
    "datetime": 1595146800,
    "author": "Jean-Loup Rey, m\u00e9decin, sant\u00e9 publique"
  },
  {
    "objectID": "article-headless#text--prevention--1",
    "page_id": "article-headless",
    "heading": "Pr\u00e9vention",
    "content": "Une seule m\u00e9thode a \u00e9t\u00e9 \u00e9valu\u00e9e et\/ou mod\u00e9lis\u00e9e, c\u2019est la distanciation.\nA partir de ce constat, il est possible :\n\nsoit de d\u00e9pister les cas contagieux et les isoler, avec recherche, test et mise en quarantaine  des cas contacts\nsoit de confiner tout le monde.",
    "importance": 2,
    "blueprint": "article",
    "title": "Quelle lutte contre la Covid-19 ?",
    "datetime": 1595146800,
    "author": "Jean-Loup Rey, m\u00e9decin, sant\u00e9 publique"
  },
  {
    "objectID": "article-headless#text--le-depistage--2",
    "page_id": "article-headless",
    "heading": "Le d\u00e9pistage",
    "content": "Pour d\u00e9pister, il faut disposer d\u2019un examen biologique qui affirme que le sujet est porteur du  virus dans son organisme.",
    "importance": 3,
    "blueprint": "article",
    "title": "Quelle lutte contre la Covid-19 ?",
    "datetime": 1595146800,
    "author": "Jean-Loup Rey, m\u00e9decin, sant\u00e9 publique"
  }
]